[0.113s][info][gc] Using Serial
[1617.632s][info][gc] GC(0) Pause Young (Allocation Failure) 33M->5M(119M) 124.531ms
[1618.242s][info][gc] GC(1) Pause Young (Allocation Failure) 38M->10M(119M) 41.067ms
[1618.518s][info][gc] GC(2) Pause Young (Allocation Failure) 43M->14M(119M) 19.907ms
[1618.795s][info][gc] GC(3) Pause Young (Allocation Failure) 47M->18M(119M) 23.547ms
[1619.175s][info][gc] GC(4) Pause Young (Allocation Failure) 51M->23M(119M) 27.228ms
[1619.617s][info][gc] GC(5) Pause Young (Allocation Failure) 56M->28M(119M) 32.742ms
[2578.928s][info][gc] GC(6) Pause Young (Allocation Failure) 61M->32M(119M) 24.409ms
[2579.275s][info][gc] GC(7) Pause Young (Allocation Failure) 65M->36M(119M) 20.153ms
[2579.589s][info][gc] GC(8) Pause Young (Allocation Failure) 69M->42M(119M) 27.719ms
[2580.002s][info][gc] GC(9) Pause Young (Allocation Failure) 75M->46M(119M) 24.527ms
[2580.268s][info][gc] GC(10) Pause Young (Allocation Failure) 79M->50M(119M) 21.244ms
[2580.534s][info][gc] GC(11) Pause Young (Allocation Failure) 83M->55M(119M) 21.078ms
[2581.483s][info][gc] GC(12) Pause Young (Allocation Failure) 88M->61M(119M) 28.709ms
[2714.230s][info][gc] GC(13) Pause Young (Allocation Failure) 94M->65M(119M) 22.309ms
[2714.442s][info][gc] GC(14) Pause Young (Allocation Failure) 98M->70M(119M) 34.362ms
[2714.735s][info][gc] GC(15) Pause Young (Allocation Failure) 103M->74M(119M) 28.157ms
[2715.038s][info][gc] GC(16) Pause Young (Allocation Failure) 107M->79M(119M) 30.886ms
[2715.348s][info][gc] GC(17) Pause Young (Allocation Failure) 112M->83M(119M) 27.916ms
[2715.612s][info][gc] GC(18) Pause Young (Allocation Failure) 116M->116M(119M) 0.076ms
[2716.175s][info][gc] GC(19) Pause Full (Allocation Failure) 116M->88M(119M) 562.742ms
[2716.667s][info][gc] GC(20) Pause Full (Allocation Failure) 119M->92M(119M) 217.766ms
[3092.459s][info][gc] GC(23) Pause Young (Allocation Failure) 53M->21M(119M) 1.414ms
[3092.757s][info][gc] GC(24) Pause Young (Allocation Failure) 54M->25M(119M) 16.918ms
[3093.092s][info][gc] GC(25) Pause Young (Allocation Failure) 58M->30M(119M) 26.377ms
[3093.672s][info][gc] GC(26) Pause Young (Allocation Failure) 63M->34M(119M) 23.854ms
[3157.509s][info][gc] GC(27) Pause Young (Allocation Failure) 67M->38M(119M) 18.967ms
[3157.771s][info][gc] GC(28) Pause Young (Allocation Failure) 72M->43M(119M) 28.996ms
[3158.092s][info][gc] GC(29) Pause Young (Allocation Failure) 76M->47M(119M) 21.334ms
[3158.386s][info][gc] GC(30) Pause Young (Allocation Failure) 80M->52M(119M) 18.120ms
[3158.682s][info][gc] GC(31) Pause Young (Allocation Failure) 85M->56M(119M) 21.676ms
[3158.997s][info][gc] GC(32) Pause Young (Allocation Failure) 89M->61M(119M) 25.157ms
[3159.432s][info][gc] GC(33) Pause Young (Allocation Failure) 94M->65M(119M) 26.556ms
[3159.716s][info][gc] GC(34) Pause Young (Allocation Failure) 98M->69M(119M) 18.303ms
[3160.032s][info][gc] GC(35) Pause Young (Allocation Failure) 102M->74M(119M) 17.424ms
[3160.335s][info][gc] GC(36) Pause Young (Allocation Failure) 107M->78M(119M) 25.601ms
[3160.619s][info][gc] GC(37) Pause Young (Allocation Failure) 111M->83M(119M) 22.801ms
[3160.911s][info][gc] GC(38) Pause Young (Allocation Failure) 116M->116M(119M) 0.075ms
[3161.343s][info][gc] GC(39) Pause Full (Allocation Failure) 116M->86M(119M) 431.658ms
[3161.953s][info][gc] GC(40) Pause Full (Allocation Failure) 119M->90M(119M) 227.741ms
[3162.522s][info][gc] GC(41) Pause Full (Allocation Failure) 119M->94M(119M) 262.807ms
[3163.049s][info][gc] GC(42) Pause Full (Allocation Failure) 119M->97M(119M) 256.880ms
[3163.710s][info][gc] GC(43) Pause Full (Allocation Failure) 119M->100M(119M) 336.307ms
[3164.147s][info][gc] GC(44) Pause Full (Allocation Failure) 119M->103M(119M) 270.267ms
[3164.562s][info][gc] GC(45) Pause Full (Allocation Failure) 119M->105M(119M) 260.761ms
[3260.343s][info][gc] GC(46) Pause Full (Allocation Failure) 119M->107M(119M) 263.656ms
[3260.861s][info][gc] GC(47) Pause Full (Allocation Failure) 119M->109M(119M) 360.171ms
[3261.298s][info][gc] GC(48) Pause Full (Allocation Failure) 119M->110M(119M) 301.380ms
[3261.871s][info][gc] GC(49) Pause Full (Allocation Failure) 119M->111M(119M) 440.029ms
[3262.281s][info][gc] GC(50) Pause Full (Allocation Failure) 119M->112M(119M) 286.080ms
[3262.638s][info][gc] GC(51) Pause Full (Allocation Failure) 119M->113M(119M) 278.324ms
[3263.019s][info][gc] GC(52) Pause Full (Allocation Failure) 119M->114M(119M) 278.281ms
[3263.410s][info][gc] GC(53) Pause Full (Allocation Failure) 119M->115M(119M) 291.975ms
[3263.776s][info][gc] GC(54) Pause Full (Allocation Failure) 119M->115M(119M) 300.643ms
[3264.160s][info][gc] GC(55) Pause Full (Allocation Failure) 119M->116M(119M) 280.892ms
[3264.572s][info][gc] GC(56) Pause Full (Allocation Failure) 119M->116M(119M) 338.906ms
[3265.005s][info][gc] GC(57) Pause Full (Allocation Failure) 119M->117M(119M) 316.389ms
[3265.301s][info][gc] GC(58) Pause Full (Allocation Failure) 119M->117M(119M) 267.852ms
[3265.634s][info][gc] GC(59) Pause Full (Allocation Failure) 119M->117M(119M) 279.968ms
[3265.918s][info][gc] GC(60) Pause Full (Allocation Failure) 119M->118M(119M) 255.593ms
[3266.220s][info][gc] GC(61) Pause Full (Allocation Failure) 119M->118M(119M) 263.805ms
[3266.497s][info][gc] GC(62) Pause Full (Allocation Failure) 119M->118M(119M) 252.050ms
[3266.786s][info][gc] GC(63) Pause Full (Allocation Failure) 119M->118M(119M) 259.857ms
[3267.049s][info][gc] GC(64) Pause Full (Allocation Failure) 119M->118M(119M) 247.991ms
[3267.333s][info][gc] GC(65) Pause Full (Allocation Failure) 119M->119M(119M) 252.976ms
[3267.599s][info][gc] GC(66) Pause Full (Allocation Failure) 119M->119M(119M) 256.976ms
[3267.871s][info][gc] GC(67) Pause Full (Allocation Failure) 119M->119M(119M) 264.356ms
[3268.128s][info][gc] GC(68) Pause Full (Allocation Failure) 119M->119M(119M) 247.185ms
[3268.381s][info][gc] GC(69) Pause Full (Allocation Failure) 119M->119M(119M) 248.040ms
[3268.639s][info][gc] GC(70) Pause Full (Allocation Failure) 119M->119M(119M) 246.324ms
[3268.909s][info][gc] GC(71) Pause Full (Allocation Failure) 119M->119M(119M) 262.050ms
[3269.169s][info][gc] GC(72) Pause Full (Allocation Failure) 119M->119M(119M) 253.883ms
[3269.421s][info][gc] GC(73) Pause Full (Allocation Failure) 119M->119M(119M) 248.456ms
[3269.682s][info][gc] GC(74) Pause Full (Allocation Failure) 119M->119M(119M) 254.871ms
[3269.965s][info][gc] GC(75) Pause Full (Allocation Failure) 119M->119M(119M) 280.165ms
[3270.228s][info][gc] GC(76) Pause Full (Allocation Failure) 119M->119M(119M) 258.257ms
[3270.490s][info][gc] GC(77) Pause Full (Allocation Failure) 119M->119M(119M) 259.418ms
[3270.742s][info][gc] GC(78) Pause Full (Allocation Failure) 119M->119M(119M) 250.555ms
[3270.999s][info][gc] GC(79) Pause Full (Allocation Failure) 119M->119M(119M) 254.866ms
[3271.271s][info][gc] GC(80) Pause Full (Allocation Failure) 119M->119M(119M) 269.071ms
[3271.517s][info][gc] GC(81) Pause Full (Allocation Failure) 119M->119M(119M) 244.770ms
[3271.773s][info][gc] GC(82) Pause Full (Allocation Failure) 119M->119M(119M) 255.075ms
[3272.023s][info][gc] GC(83) Pause Full (Allocation Failure) 119M->119M(119M) 248.774ms
[3272.277s][info][gc] GC(84) Pause Full (Allocation Failure) 119M->119M(119M) 252.453ms
[3272.535s][info][gc] GC(85) Pause Full (Allocation Failure) 119M->119M(119M) 257.687ms
[3272.785s][info][gc] GC(86) Pause Full (Allocation Failure) 119M->119M(119M) 249.439ms
[3273.035s][info][gc] GC(87) Pause Full (Allocation Failure) 119M->119M(119M) 249.673ms
[3273.282s][info][gc] GC(88) Pause Full (Allocation Failure) 119M->119M(119M) 245.643ms
[3273.533s][info][gc] GC(89) Pause Full (Allocation Failure) 119M->119M(119M) 250.456ms
[3273.787s][info][gc] GC(90) Pause Full (Allocation Failure) 119M->119M(119M) 253.587ms
[3274.046s][info][gc] GC(91) Pause Full (Allocation Failure) 119M->119M(119M) 257.808ms
[3274.301s][info][gc] GC(92) Pause Full (Allocation Failure) 119M->119M(119M) 254.721ms
[3274.553s][info][gc] GC(93) Pause Full (Allocation Failure) 119M->119M(119M) 251.089ms
[3274.805s][info][gc] GC(94) Pause Full (Allocation Failure) 119M->119M(119M) 251.468ms
[3275.063s][info][gc] GC(95) Pause Full (Allocation Failure) 119M->119M(119M) 258.095ms
[3275.309s][info][gc] GC(96) Pause Full (Allocation Failure) 119M->119M(119M) 244.844ms
[3275.559s][info][gc] GC(97) Pause Full (Allocation Failure) 119M->119M(119M) 250.049ms
[3275.808s][info][gc] GC(98) Pause Full (Allocation Failure) 119M->119M(119M) 248.209ms
[3276.053s][info][gc] GC(99) Pause Full (Allocation Failure) 119M->119M(119M) 245.050ms
[3276.302s][info][gc] GC(100) Pause Full (Allocation Failure) 119M->119M(119M) 248.379ms
[3276.544s][info][gc] GC(101) Pause Full (Allocation Failure) 119M->119M(119M) 241.660ms
[3276.788s][info][gc] GC(102) Pause Full (Allocation Failure) 119M->119M(119M) 244.521ms
[3277.034s][info][gc] GC(103) Pause Full (Allocation Failure) 119M->119M(119M) 245.210ms
[3277.280s][info][gc] GC(104) Pause Full (Allocation Failure) 119M->119M(119M) 245.756ms
[3277.523s][info][gc] GC(105) Pause Full (Allocation Failure) 119M->119M(119M) 243.232ms
[3277.773s][info][gc] GC(106) Pause Full (Allocation Failure) 119M->119M(119M) 248.811ms
[3278.021s][info][gc] GC(107) Pause Full (Allocation Failure) 119M->119M(119M) 248.160ms
[3278.264s][info][gc] GC(108) Pause Full (Allocation Failure) 119M->119M(119M) 242.782ms
[3278.506s][info][gc] GC(109) Pause Full (Allocation Failure) 119M->119M(119M) 242.145ms
[3278.753s][info][gc] GC(110) Pause Full (Allocation Failure) 119M->119M(119M) 246.524ms
[3278.998s][info][gc] GC(111) Pause Full (Allocation Failure) 119M->119M(119M) 244.558ms
[3279.243s][info][gc] GC(112) Pause Full (Allocation Failure) 119M->119M(119M) 245.056ms
[3279.488s][info][gc] GC(113) Pause Full (Allocation Failure) 119M->119M(119M) 244.200ms
[3279.737s][info][gc] GC(114) Pause Full (Allocation Failure) 119M->119M(119M) 249.357ms
[3279.977s][info][gc] GC(115) Pause Full (Allocation Failure) 119M->119M(119M) 239.180ms
[3280.219s][info][gc] GC(116) Pause Full (Allocation Failure) 119M->119M(119M) 242.142ms
[3280.462s][info][gc] GC(117) Pause Full (Allocation Failure) 119M->119M(119M) 242.098ms
[3280.704s][info][gc] GC(118) Pause Full (Allocation Failure) 119M->119M(119M) 241.707ms
[3280.953s][info][gc] GC(119) Pause Full (Allocation Failure) 119M->119M(119M) 248.764ms
[3281.196s][info][gc] GC(120) Pause Full (Allocation Failure) 119M->119M(119M) 242.805ms
[3281.447s][info][gc] GC(121) Pause Full (Allocation Failure) 119M->119M(119M) 250.837ms
[3281.698s][info][gc] GC(122) Pause Full (Allocation Failure) 119M->119M(119M) 251.415ms
[3281.938s][info][gc] GC(123) Pause Full (Allocation Failure) 119M->119M(119M) 239.434ms
[3282.181s][info][gc] GC(124) Pause Full (Allocation Failure) 119M->119M(119M) 242.866ms
[3282.439s][info][gc] GC(125) Pause Full (Allocation Failure) 119M->119M(119M) 257.998ms
[3282.696s][info][gc] GC(126) Pause Full (Allocation Failure) 119M->119M(119M) 257.274ms
[3282.739s][info][gc] GC(127) Pause Full (Allocation Failure) 119M->1M(119M) 42.394ms
