[0.917s][info][gc] Using Serial
[208.582s][info][gc] GC(0) Pause Young (Allocation Failure) 33M->5M(119M) 90.188ms
[209.365s][info][gc] GC(1) Pause Young (Allocation Failure) 38M->9M(119M) 212.781ms
[211.609s][info][gc] GC(2) Pause Young (Allocation Failure) 42M->14M(119M) 20.936ms
[452.130s][info][gc] GC(3) Pause Young (Allocation Failure) 47M->18M(119M) 22.228ms
[452.444s][info][gc] GC(4) Pause Young (Allocation Failure) 51M->22M(119M) 29.139ms
[452.736s][info][gc] GC(5) Pause Young (Allocation Failure) 55M->27M(119M) 23.541ms
[453.148s][info][gc] GC(6) Pause Young (Allocation Failure) 60M->32M(119M) 28.344ms
[453.450s][info][gc] GC(7) Pause Young (Allocation Failure) 65M->36M(119M) 28.433ms
[453.740s][info][gc] GC(8) Pause Young (Allocation Failure) 69M->42M(119M) 32.873ms
[454.486s][info][gc] GC(9) Pause Young (Allocation Failure) 75M->46M(119M) 20.516ms
[607.979s][info][gc] GC(10) Pause Young (Allocation Failure) 79M->51M(119M) 20.062ms
[608.388s][info][gc] GC(11) Pause Young (Allocation Failure) 84M->55M(119M) 29.154ms
[608.720s][info][gc] GC(12) Pause Young (Allocation Failure) 88M->61M(119M) 36.117ms
[609.014s][info][gc] GC(13) Pause Young (Allocation Failure) 94M->66M(119M) 26.400ms
[609.417s][info][gc] GC(14) Pause Young (Allocation Failure) 99M->70M(119M) 28.763ms
[609.726s][info][gc] GC(15) Pause Young (Allocation Failure) 103M->74M(119M) 26.239ms
[610.025s][info][gc] GC(16) Pause Young (Allocation Failure) 107M->79M(119M) 27.250ms
[653.265s][info][gc] GC(17) Pause Young (Allocation Failure) 112M->83M(119M) 20.277ms
[653.483s][info][gc] GC(18) Pause Young (Allocation Failure) 116M->116M(119M) 0.079ms
[653.819s][info][gc] GC(19) Pause Full (Allocation Failure) 116M->88M(119M) 336.268ms
[654.390s][info][gc] GC(20) Pause Full (Allocation Failure) 119M->93M(119M) 267.003ms
[654.941s][info][gc] GC(21) Pause Full (Allocation Failure) 119M->96M(119M) 266.450ms
[655.666s][info][gc] GC(22) Pause Full (Allocation Failure) 119M->96M(119M) 378.218ms
[656.112s][info][gc] GC(23) Pause Full (Allocation Failure) 119M->99M(119M) 256.349ms
[656.624s][info][gc] GC(24) Pause Full (Allocation Failure) 119M->102M(119M) 319.706ms
[657.457s][info][gc] GC(25) Pause Full (Allocation Failure) 119M->104M(119M) 364.629ms
[751.796s][info][gc] GC(26) Pause Full (Allocation Failure) 119M->106M(119M) 259.768ms
[752.236s][info][gc] GC(27) Pause Full (Allocation Failure) 119M->108M(119M) 314.872ms
[752.682s][info][gc] GC(28) Pause Full (Allocation Failure) 119M->110M(119M) 304.553ms
[753.267s][info][gc] GC(29) Pause Full (Allocation Failure) 119M->111M(119M) 445.150ms
[753.756s][info][gc] GC(30) Pause Full (Allocation Failure) 119M->112M(119M) 361.122ms
[754.249s][info][gc] GC(31) Pause Full (Allocation Failure) 119M->113M(119M) 369.231ms
[754.707s][info][gc] GC(32) Pause Full (Allocation Failure) 119M->114M(119M) 345.205ms
[755.149s][info][gc] GC(33) Pause Full (Allocation Failure) 119M->115M(119M) 344.394ms
[755.606s][info][gc] GC(34) Pause Full (Allocation Failure) 119M->115M(119M) 368.403ms
[756.096s][info][gc] GC(35) Pause Full (Allocation Failure) 119M->116M(119M) 403.178ms
[756.500s][info][gc] GC(36) Pause Full (Allocation Failure) 119M->116M(119M) 293.752ms
[756.851s][info][gc] GC(37) Pause Full (Allocation Failure) 119M->117M(119M) 298.772ms
[757.193s][info][gc] GC(38) Pause Full (Allocation Failure) 119M->117M(119M) 288.809ms
[757.484s][info][gc] GC(39) Pause Full (Allocation Failure) 119M->117M(119M) 258.911ms
[757.792s][info][gc] GC(40) Pause Full (Allocation Failure) 119M->118M(119M) 266.252ms
[758.076s][info][gc] GC(41) Pause Full (Allocation Failure) 119M->118M(119M) 260.003ms
[758.365s][info][gc] GC(42) Pause Full (Allocation Failure) 119M->118M(119M) 264.106ms
[758.667s][info][gc] GC(43) Pause Full (Allocation Failure) 119M->118M(119M) 272.544ms
[758.953s][info][gc] GC(44) Pause Full (Allocation Failure) 119M->118M(119M) 264.765ms
[759.227s][info][gc] GC(45) Pause Full (Allocation Failure) 119M->119M(119M) 255.351ms
[759.506s][info][gc] GC(46) Pause Full (Allocation Failure) 119M->119M(119M) 263.641ms
[759.758s][info][gc] GC(47) Pause Full (Allocation Failure) 119M->119M(119M) 243.641ms
[760.043s][info][gc] GC(48) Pause Full (Allocation Failure) 119M->119M(119M) 268.603ms
[760.313s][info][gc] GC(49) Pause Full (Allocation Failure) 119M->119M(119M) 256.615ms
[760.660s][info][gc] GC(50) Pause Full (Allocation Failure) 119M->119M(119M) 338.753ms
[760.969s][info][gc] GC(51) Pause Full (Allocation Failure) 119M->119M(119M) 301.474ms
[761.337s][info][gc] GC(52) Pause Full (Allocation Failure) 119M->119M(119M) 361.285ms
[761.667s][info][gc] GC(53) Pause Full (Allocation Failure) 119M->119M(119M) 322.645ms
[761.917s][info][gc] GC(54) Pause Full (Allocation Failure) 119M->119M(119M) 247.166ms
[762.190s][info][gc] GC(55) Pause Full (Allocation Failure) 119M->119M(119M) 270.809ms
[762.455s][info][gc] GC(56) Pause Full (Allocation Failure) 119M->119M(119M) 256.282ms
[762.738s][info][gc] GC(57) Pause Full (Allocation Failure) 119M->119M(119M) 281.475ms
[763.033s][info][gc] GC(58) Pause Full (Allocation Failure) 119M->119M(119M) 291.126ms
[763.283s][info][gc] GC(59) Pause Full (Allocation Failure) 119M->119M(119M) 247.816ms
[763.533s][info][gc] GC(60) Pause Full (Allocation Failure) 119M->119M(119M) 248.555ms
[763.862s][info][gc] GC(61) Pause Full (Allocation Failure) 119M->119M(119M) 327.977ms
[764.171s][info][gc] GC(62) Pause Full (Allocation Failure) 119M->119M(119M) 306.414ms
[764.473s][info][gc] GC(63) Pause Full (Allocation Failure) 119M->119M(119M) 300.094ms
[764.765s][info][gc] GC(64) Pause Full (Allocation Failure) 119M->119M(119M) 290.417ms
[765.079s][info][gc] GC(65) Pause Full (Allocation Failure) 119M->119M(119M) 312.033ms
[765.403s][info][gc] GC(66) Pause Full (Allocation Failure) 119M->119M(119M) 321.658ms
[765.790s][info][gc] GC(67) Pause Full (Allocation Failure) 119M->119M(119M) 382.768ms
[766.080s][info][gc] GC(68) Pause Full (Allocation Failure) 119M->119M(119M) 289.197ms
[766.343s][info][gc] GC(69) Pause Full (Allocation Failure) 119M->119M(119M) 261.241ms
[766.613s][info][gc] GC(70) Pause Full (Allocation Failure) 119M->119M(119M) 269.905ms
[766.876s][info][gc] GC(71) Pause Full (Allocation Failure) 119M->119M(119M) 261.223ms
[767.131s][info][gc] GC(72) Pause Full (Allocation Failure) 119M->119M(119M) 254.658ms
[767.381s][info][gc] GC(73) Pause Full (Allocation Failure) 119M->119M(119M) 249.075ms
[767.629s][info][gc] GC(74) Pause Full (Allocation Failure) 119M->119M(119M) 247.931ms
[767.926s][info][gc] GC(75) Pause Full (Allocation Failure) 119M->119M(119M) 295.945ms
[768.180s][info][gc] GC(76) Pause Full (Allocation Failure) 119M->119M(119M) 253.566ms
[768.426s][info][gc] GC(77) Pause Full (Allocation Failure) 119M->119M(119M) 245.963ms
[768.674s][info][gc] GC(78) Pause Full (Allocation Failure) 119M->119M(119M) 247.745ms
[768.934s][info][gc] GC(79) Pause Full (Allocation Failure) 119M->119M(119M) 259.294ms
[769.233s][info][gc] GC(80) Pause Full (Allocation Failure) 119M->119M(119M) 297.811ms
[769.518s][info][gc] GC(81) Pause Full (Allocation Failure) 119M->119M(119M) 285.241ms
[769.762s][info][gc] GC(82) Pause Full (Allocation Failure) 119M->119M(119M) 242.615ms
[770.005s][info][gc] GC(83) Pause Full (Allocation Failure) 119M->119M(119M) 243.493ms
[770.251s][info][gc] GC(84) Pause Full (Allocation Failure) 119M->119M(119M) 245.123ms
[770.528s][info][gc] GC(85) Pause Full (Allocation Failure) 119M->119M(119M) 276.608ms
[770.820s][info][gc] GC(86) Pause Full (Allocation Failure) 119M->119M(119M) 292.164ms
[771.168s][info][gc] GC(87) Pause Full (Allocation Failure) 119M->119M(119M) 346.947ms
[771.487s][info][gc] GC(88) Pause Full (Allocation Failure) 119M->119M(119M) 319.414ms
[771.736s][info][gc] GC(89) Pause Full (Allocation Failure) 119M->119M(119M) 248.520ms
[772.027s][info][gc] GC(90) Pause Full (Allocation Failure) 119M->119M(119M) 290.476ms
[772.278s][info][gc] GC(91) Pause Full (Allocation Failure) 119M->119M(119M) 250.491ms
[772.517s][info][gc] GC(92) Pause Full (Allocation Failure) 119M->119M(119M) 239.438ms
[772.803s][info][gc] GC(93) Pause Full (Allocation Failure) 119M->119M(119M) 285.541ms
[773.054s][info][gc] GC(94) Pause Full (Allocation Failure) 119M->119M(119M) 250.930ms
[773.305s][info][gc] GC(95) Pause Full (Allocation Failure) 119M->119M(119M) 249.788ms
[773.565s][info][gc] GC(96) Pause Full (Allocation Failure) 119M->119M(119M) 259.950ms
[773.934s][info][gc] GC(97) Pause Full (Allocation Failure) 119M->119M(119M) 368.620ms
[774.314s][info][gc] GC(98) Pause Full (Allocation Failure) 119M->119M(119M) 379.496ms
[774.601s][info][gc] GC(99) Pause Full (Allocation Failure) 119M->119M(119M) 287.122ms
[774.879s][info][gc] GC(100) Pause Full (Allocation Failure) 119M->119M(119M) 277.633ms
[775.125s][info][gc] GC(101) Pause Full (Allocation Failure) 119M->119M(119M) 246.129ms
[775.377s][info][gc] GC(102) Pause Full (Allocation Failure) 119M->119M(119M) 251.253ms
[775.641s][info][gc] GC(103) Pause Full (Allocation Failure) 119M->119M(119M) 263.309ms
[775.883s][info][gc] GC(104) Pause Full (Allocation Failure) 119M->119M(119M) 241.963ms
[776.130s][info][gc] GC(105) Pause Full (Allocation Failure) 119M->119M(119M) 247.226ms
[776.371s][info][gc] GC(106) Pause Full (Allocation Failure) 119M->119M(119M) 240.486ms
[776.617s][info][gc] GC(107) Pause Full (Allocation Failure) 119M->119M(119M) 245.153ms
[776.858s][info][gc] GC(108) Pause Full (Allocation Failure) 119M->119M(119M) 241.374ms
[777.103s][info][gc] GC(109) Pause Full (Allocation Failure) 119M->119M(119M) 244.486ms
[777.343s][info][gc] GC(110) Pause Full (Allocation Failure) 119M->119M(119M) 239.950ms
[777.583s][info][gc] GC(111) Pause Full (Allocation Failure) 119M->119M(119M) 239.356ms
[777.821s][info][gc] GC(112) Pause Full (Allocation Failure) 119M->119M(119M) 238.736ms
[777.864s][info][gc] GC(113) Pause Full (Allocation Failure) 119M->2M(119M) 42.072ms
